took %d ns
 304.561µs
took %d ns
 552.741µs
took %d ns
 458.652µs
took %d ns
 461.128µs
took %d ns
 455.573µs
took %d ns
 552.28µs
took %d ns
 461.093µs
took %d ns
 514.431µs
took %d ns
 461.986µs
took %d ns
 527.261µs
took %d ns
 457.428µs
took %d ns
 529.286µs
took %d ns
 484.238µs
took %d ns
 592.577µs
took %d ns
 520.462µs
took %d ns
 552.611µs
took %d ns
 493.623µs
took %d ns
 556.632µs
took %d ns
 493.403µs
took %d ns
 554.235µs
took %d ns
 502.007µs
took %d ns
 554.586µs
took %d ns
 497.008µs
took %d ns
 660.032µs
took %d ns
 489.236µs
took %d ns
 568.64µs
took %d ns
 478.897µs
took %d ns
 1.450791ms
took %d ns
 501.394µs
took %d ns
 875.553µs
took %d ns
 669.228µs
took %d ns
 520.252µs
took %d ns
 471.221µs
took %d ns
 1.064605ms
took %d ns
 611.237µs
took %d ns
 551.182µs
took %d ns
 480.698µs
took %d ns
 503.299µs
took %d ns
 515.413µs
took %d ns
 531.492µs
took %d ns
 461.008µs
took %d ns
 425.696µs
took %d ns
 347.554µs
took %d ns
 529.648µs
took %d ns
 478.18µs
took %d ns
 529.828µs
took %d ns
 489.306µs
took %d ns
 527.382µs
took %d ns
 494.385µs
took %d ns
 528.244µs
took %d ns
 477.343µs
took %d ns
 574.145µs
took %d ns
 472.931µs
took %d ns
 507.035µs
took %d ns
 502.573µs
took %d ns
 548.51µs
took %d ns
 485.516µs
took %d ns
 558.106µs
took %d ns
 501.726µs
took %d ns
 502.007µs
took %d ns
 577.7µs
took %d ns
 466.769µs
took %d ns
 517.915µs
took %d ns
 554.962µs
took %d ns
 477.919µs
took %d ns
 560.919µs
took %d ns
 473.428µs
took %d ns
 522.352µs
took %d ns
 627.482µs
took %d ns
 471.828µs
took %d ns
 500.206µs
took %d ns
 514.882µs
took %d ns
 530.34µs
took %d ns
 457.288µs
took %d ns
 528.515µs
took %d ns
 503.972µs
took %d ns
 519.916µs
took %d ns
 471.301µs
took %d ns
 635.495µs
took %d ns
 1.007457ms
took %d ns
 897.523µs
took %d ns
 533.509µs
took %d ns
 458.802µs
took %d ns
 513.724µs
took %d ns
 1.044885ms
took %d ns
 461.836µs
took %d ns
 309.319µs
took %d ns
 1.07222ms
took %d ns
 1.13529ms
took %d ns
 696.99µs
took %d ns
 588.57µs
took %d ns
 728.517µs
took %d ns
 599.245µs
took %d ns
 520.447µs
took %d ns
 457.443µs
took %d ns
 506.183µs
took %d ns
 1.139061ms
took %d ns
 918.682µs
took %d ns
 630.937µs
took %d ns
 540.402µs
took %d ns
 454.69µs
took %d ns
 503.857µs
took %d ns
 547.993µs
took %d ns
 458.225µs
took %d ns
 1.261935ms
took %d ns
 544.99µs
took %d ns
 457.904µs
took %d ns
 538.943µs
took %d ns
 483.987µs
took %d ns
 533.975µs
took %d ns
 523.581µs
took %d ns
 548.946µs
took %d ns
 475.142µs
took %d ns
 508.484µs
took %d ns
 516.386µs
took %d ns
 541.185µs
took %d ns
 472.108µs
took %d ns
 511.758µs
took %d ns
 536.407µs
took %d ns
 474.987µs
took %d ns
 533.543µs
took %d ns
 471.061µs
took %d ns
 526.007µs
took %d ns
 456.396µs
took %d ns
 499.695µs
took %d ns
 537.84µs
took %d ns
 453.111µs
took %d ns
 502.262µs
took %d ns
 498.627µs
took %d ns
 549.743µs
took %d ns
 455.623µs
took %d ns
 558.121µs
took %d ns
 514.52µs
took %d ns
 825.891µs
took %d ns
 577.77µs
took %d ns
 520.407µs
took %d ns
 562.704µs
took %d ns
 458.721µs
took %d ns
 610.255µs
took %d ns
 532.495µs
took %d ns
 458.942µs
took %d ns
 499.841µs
took %d ns
 502.788µs
took %d ns
 538.071µs
took %d ns
 453.909µs
took %d ns
 504.578µs
took %d ns
 545.235µs
took %d ns
 458.09µs
took %d ns
 503.721µs
took %d ns
 516.166µs
took %d ns
 726.667µs
took %d ns
 552.992µs
took %d ns
 509.687µs
took %d ns
 1.146742ms
took %d ns
 623.236µs
took %d ns
 734.629µs
took %d ns
 598.227µs
took %d ns
 501.61µs
took %d ns
 532.771µs
took %d ns
 453.517µs
took %d ns
 611.233µs
took %d ns
 460.276µs
took %d ns
 535.288µs
took %d ns
 463.46µs
took %d ns
 502.478µs
took %d ns
 532.691µs
took %d ns
 457.584µs
took %d ns
 499.7µs
took %d ns
 517.003µs
took %d ns
 535.359µs
took %d ns
 453.377µs
took %d ns
 505.566µs
took %d ns
 541.496µs
took %d ns
 454.736µs
took %d ns
 536.833µs
took %d ns
 453.889µs
took %d ns
 570.245µs
took %d ns
 459.584µs
took %d ns
 544.809µs
took %d ns
 458.276µs
took %d ns
 533.413µs
took %d ns
 453.809µs
took %d ns
 500.276µs
took %d ns
 502.949µs
took %d ns
 537.845µs
took %d ns
 453.618µs
took %d ns
 628.506µs
took %d ns
 529.216µs
took %d ns
 459.995µs
took %d ns
 517.389µs
took %d ns
 515.854µs
took %d ns
 579.27µs
took %d ns
 474.495µs
took %d ns
 554.696µs
took %d ns
 462.212µs
took %d ns
 1.206457ms
took %d ns
 994.742µs
took %d ns
 558.156µs
took %d ns
 519.79µs
took %d ns
 467.908µs
took %d ns
 979.204µs
took %d ns
 750.623µs
took %d ns
 776.916µs
took %d ns
 578.282µs
took %d ns
 469.156µs
took %d ns
 356.138µs
took %d ns
 591.674µs
took %d ns
 484.037µs
took %d ns
 464.412µs
took %d ns
 231.298µs
took %d ns
 581.952µs
took %d ns
 465.2µs
took %d ns
 415.708µs
took %d ns
 347.294µs
took %d ns
 566.013µs
took %d ns
 464.954µs
took %d ns
 570.004µs
took %d ns
 482.076µs
took %d ns
 505.395µs
took %d ns
 536.141µs
took %d ns
 459.469µs
took %d ns
 523.22µs
took %d ns
 527.086µs
took %d ns
 532.285µs
took %d ns
 453.186µs
took %d ns
 520.056µs
took %d ns
 535.418µs
took %d ns
 459.284µs
took %d ns
 563.681µs
took %d ns
 514.666µs
took %d ns
 533.183µs
took %d ns
 457.719µs
took %d ns
 531.322µs
took %d ns
 453.246µs
took %d ns
 527.371µs
took %d ns
 454.39µs
took %d ns
 551.293µs
took %d ns
 479.023µs
took %d ns
 525.231µs
took %d ns
 760.384µs
took %d ns
 509.487µs
took %d ns
 784.798µs
took %d ns
 588.164µs
